// Jest Snapshot v1, https://goo.gl/fbAQLP

exports[`Application renders correctly 1`] = `
Object {
  "asFragment": [Function],
  "baseElement": <body>
    <div>
      <div
        class="styled__Layout-sc-1lxe0qt-0 kcbATa styled__Layout-sc-18qtjly-0 idOfLW"
      >
        <div
          class="styled__Container-sc-1lxe0qt-1 iebHNC"
        >
          <header
            class="styled__Header-sc-1542b73-0 hKVAlX"
          >
            <h1
              class="styled__Title-sc-1542b73-1 hASrqt"
            >
              Planet Express
            </h1>
            <h2
              class="styled__Subtitle-sc-1542b73-2 tgjZi"
            >
              The auto relational searcher for political documents in Spain
            </h2>
          </header>
          <main>
            <form
              action="/visualization"
              class="styled__SearchForm-sc-1pvlps0-0 llbrTr"
            >
              <div
                class="styled__SearchFormGroup-sc-1pvlps0-1 jMptNP"
              >
                <input
                  class="InputSearch-o5gozn-0 kicyAh"
                  name="topic"
                  placeholder="Introduce a topic to search"
                  required=""
                  type="search"
                  value=""
                />
              </div>
              <div
                class="styled__SearchFormGroup-sc-1pvlps0-1 jMptNP searchFormGroup--dropdown"
              >
                <div
                  class="styled__SourcesDropdown-sc-191offi-0 fWlpyL dropdown dropdown--sources"
                >
                  <button
                    class="styled__Button-sc-9epqn7-0 VXkYc dropdown__button"
                  >
                    all sources selected
                    <i
                      icon="[object Object]"
                    />
                  </button>
                  <div
                    class="styled__DropdownMenu-uutoje-0 qwnQG dropdown__menu"
                  >
                    <div
                      class="styled__DropdownError-f40703-0 cHTBBi"
                    >
                      <i
                        icon="[object Object]"
                      />
                      You have to select at least one medium to search
                    </div>
                    <div
                      class="sources"
                    >
                      <div
                        class="sources__errors"
                      >
                        TypeError: Cannot read property 'planetExpressAbe' of undefined
                      </div>
                    </div>
                  </div>
                </div>
              </div>
              <div
                class="styled__SearchFormGroup-sc-1pvlps0-1 jMptNP searchFormGroup--button"
              >
                <button
                  class="Button-sc-1j5owfu-0 QYmTR"
                  title="Visualize"
                  type="submit"
                >
                  Visualize
                </button>
              </div>
            </form>
          </main>
        </div>
        <footer
          class="styled__Footer-sc-1fwt48x-0 frCzfW"
        >
          <ul
            class="styled__Navigation-sc-1fwt48x-1 kvXOAi"
          >
            <li>
              <a
                href="/about"
              >
                about the project
              </a>
            </li>
            <li>
              <a
                href="/team"
              >
                about the team
              </a>
            </li>
          </ul>
          <div
            class="styled__License-sc-1fwt48x-2 kXCNav"
          >
            this project is under a
             
            <a
              href="https://www.gnu.org/licenses/gpl-3.0.en.html"
              rel="license external noopener noreferrer"
              title="GNU General Public License v3.0"
            >
              GNU General Public License v3.0
            </a>
             
            license
          </div>
        </footer>
      </div>
    </div>
  </body>,
  "container": <div>
    <div
      class="styled__Layout-sc-1lxe0qt-0 kcbATa styled__Layout-sc-18qtjly-0 idOfLW"
    >
      <div
        class="styled__Container-sc-1lxe0qt-1 iebHNC"
      >
        <header
          class="styled__Header-sc-1542b73-0 hKVAlX"
        >
          <h1
            class="styled__Title-sc-1542b73-1 hASrqt"
          >
            Planet Express
          </h1>
          <h2
            class="styled__Subtitle-sc-1542b73-2 tgjZi"
          >
            The auto relational searcher for political documents in Spain
          </h2>
        </header>
        <main>
          <form
            action="/visualization"
            class="styled__SearchForm-sc-1pvlps0-0 llbrTr"
          >
            <div
              class="styled__SearchFormGroup-sc-1pvlps0-1 jMptNP"
            >
              <input
                class="InputSearch-o5gozn-0 kicyAh"
                name="topic"
                placeholder="Introduce a topic to search"
                required=""
                type="search"
                value=""
              />
            </div>
            <div
              class="styled__SearchFormGroup-sc-1pvlps0-1 jMptNP searchFormGroup--dropdown"
            >
              <div
                class="styled__SourcesDropdown-sc-191offi-0 fWlpyL dropdown dropdown--sources"
              >
                <button
                  class="styled__Button-sc-9epqn7-0 VXkYc dropdown__button"
                >
                  all sources selected
                  <i
                    icon="[object Object]"
                  />
                </button>
                <div
                  class="styled__DropdownMenu-uutoje-0 qwnQG dropdown__menu"
                >
                  <div
                    class="styled__DropdownError-f40703-0 cHTBBi"
                  >
                    <i
                      icon="[object Object]"
                    />
                    You have to select at least one medium to search
                  </div>
                  <div
                    class="sources"
                  >
                    <div
                      class="sources__errors"
                    >
                      TypeError: Cannot read property 'planetExpressAbe' of undefined
                    </div>
                  </div>
                </div>
              </div>
            </div>
            <div
              class="styled__SearchFormGroup-sc-1pvlps0-1 jMptNP searchFormGroup--button"
            >
              <button
                class="Button-sc-1j5owfu-0 QYmTR"
                title="Visualize"
                type="submit"
              >
                Visualize
              </button>
            </div>
          </form>
        </main>
      </div>
      <footer
        class="styled__Footer-sc-1fwt48x-0 frCzfW"
      >
        <ul
          class="styled__Navigation-sc-1fwt48x-1 kvXOAi"
        >
          <li>
            <a
              href="/about"
            >
              about the project
            </a>
          </li>
          <li>
            <a
              href="/team"
            >
              about the team
            </a>
          </li>
        </ul>
        <div
          class="styled__License-sc-1fwt48x-2 kXCNav"
        >
          this project is under a
           
          <a
            href="https://www.gnu.org/licenses/gpl-3.0.en.html"
            rel="license external noopener noreferrer"
            title="GNU General Public License v3.0"
          >
            GNU General Public License v3.0
          </a>
           
          license
        </div>
      </footer>
    </div>
  </div>,
  "debug": [Function],
  "findAllByAltText": [Function],
  "findAllByDisplayValue": [Function],
  "findAllByLabelText": [Function],
  "findAllByPlaceholderText": [Function],
  "findAllByRole": [Function],
  "findAllByTestId": [Function],
  "findAllByText": [Function],
  "findAllByTitle": [Function],
  "findByAltText": [Function],
  "findByDisplayValue": [Function],
  "findByLabelText": [Function],
  "findByPlaceholderText": [Function],
  "findByRole": [Function],
  "findByTestId": [Function],
  "findByText": [Function],
  "findByTitle": [Function],
  "getAllByAltText": [Function],
  "getAllByDisplayValue": [Function],
  "getAllByLabelText": [Function],
  "getAllByPlaceholderText": [Function],
  "getAllByRole": [Function],
  "getAllByTestId": [Function],
  "getAllByText": [Function],
  "getAllByTitle": [Function],
  "getByAltText": [Function],
  "getByDisplayValue": [Function],
  "getByLabelText": [Function],
  "getByPlaceholderText": [Function],
  "getByRole": [Function],
  "getByTestId": [Function],
  "getByText": [Function],
  "getByTitle": [Function],
  "queryAllByAltText": [Function],
  "queryAllByDisplayValue": [Function],
  "queryAllByLabelText": [Function],
  "queryAllByPlaceholderText": [Function],
  "queryAllByRole": [Function],
  "queryAllByTestId": [Function],
  "queryAllByText": [Function],
  "queryAllByTitle": [Function],
  "queryByAltText": [Function],
  "queryByDisplayValue": [Function],
  "queryByLabelText": [Function],
  "queryByPlaceholderText": [Function],
  "queryByRole": [Function],
  "queryByTestId": [Function],
  "queryByText": [Function],
  "queryByTitle": [Function],
  "rerender": [Function],
  "unmount": [Function],
}
`;
