// Jest Snapshot v1, https://goo.gl/fbAQLP

exports[`Application renders correctly 1`] = `
Object {
  "asFragment": [Function],
  "baseElement": <body>
    <div>
      <div
        class="styled__Page-sc-1lxe0qt-0 DOXzj styled__Layout-sc-18qtjly-0 eDhlcv"
      >
        <div
          class="styled__Container-sc-1lxe0qt-1 gvOrMO"
        >
          <header
            class="styled__Header-sc-1542b73-0 ixsOOE"
          >
            <h1
              class="styled__Title-sc-1542b73-1 kmBcDI"
            >
              Planet Express
            </h1>
            <h2
              class="styled__Subtitle-sc-1542b73-2 rKffD"
            >
              The auto relational searcher for political documents in Spain
            </h2>
          </header>
          <main>
            <form
              action="/visualization"
              class="styled__Form-sc-1pvlps0-0 ekRgbb styled__SearchForm-sc-18qtjly-1 hZXBcE"
            >
              <input
                class="InputSearch-o5gozn-0 styled__InputSearch-sc-1pvlps0-1 kxcXNl"
                name="topic"
                placeholder="Introduce a topic to search"
                required=""
                type="search"
                value=""
              />
              <div
                class="styled__Dropdown-sc-191offi-0 jQa-dxL dropdown dropdown--sources dropdown--collapsed"
              >
                <button
                  class="styled__Button-sc-9epqn7-0 iWbztU dropdown__button"
                >
                  all sources selected
                  <i
                    icon="[object Object]"
                  />
                </button>
                <div
                  class="styled__Menu-uutoje-0 bdYxwB dropdown__menu"
                >
                  <div
                    class="DropdownError__StyledDropdownError-sc-1pi6o8b-0 geVLwp dropdown__error dropdown__error--visible"
                  >
                    <i
                      icon="[object Object]"
                    />
                    You have to select at least one medium to search
                  </div>
                  <div
                    class="sources"
                  >
                    <div
                      class="sources__errors"
                    >
                      TypeError: Cannot read property 'planetExpressAbe' of undefined
                    </div>
                  </div>
                </div>
              </div>
              <button
                class="Button-sc-1j5owfu-0 styled__Button-sc-1pvlps0-2 eoIFij"
                title="Visualize"
                type="submit"
              >
                Visualize
              </button>
            </form>
          </main>
        </div>
        <footer
          class="styled__Footer-sc-1fwt48x-0 bBFSxL"
        >
          <ul
            class="styled__Navigation-sc-1fwt48x-1 kvXOAi"
          >
            <li>
              <a
                href="/about"
              >
                about the project
              </a>
            </li>
            <li>
              <a
                href="/team"
              >
                about the team
              </a>
            </li>
          </ul>
          <div
            class="styled__License-sc-1fwt48x-2 kXCNav"
          >
            this project is under a
             
            <a
              href="https://www.gnu.org/licenses/gpl-3.0.en.html"
              rel="license external noopener noreferrer"
              title="GNU General Public License v3.0"
            >
              GNU General Public License v3.0
            </a>
             
            license
          </div>
        </footer>
      </div>
    </div>
  </body>,
  "container": <div>
    <div
      class="styled__Page-sc-1lxe0qt-0 DOXzj styled__Layout-sc-18qtjly-0 eDhlcv"
    >
      <div
        class="styled__Container-sc-1lxe0qt-1 gvOrMO"
      >
        <header
          class="styled__Header-sc-1542b73-0 ixsOOE"
        >
          <h1
            class="styled__Title-sc-1542b73-1 kmBcDI"
          >
            Planet Express
          </h1>
          <h2
            class="styled__Subtitle-sc-1542b73-2 rKffD"
          >
            The auto relational searcher for political documents in Spain
          </h2>
        </header>
        <main>
          <form
            action="/visualization"
            class="styled__Form-sc-1pvlps0-0 ekRgbb styled__SearchForm-sc-18qtjly-1 hZXBcE"
          >
            <input
              class="InputSearch-o5gozn-0 styled__InputSearch-sc-1pvlps0-1 kxcXNl"
              name="topic"
              placeholder="Introduce a topic to search"
              required=""
              type="search"
              value=""
            />
            <div
              class="styled__Dropdown-sc-191offi-0 jQa-dxL dropdown dropdown--sources dropdown--collapsed"
            >
              <button
                class="styled__Button-sc-9epqn7-0 iWbztU dropdown__button"
              >
                all sources selected
                <i
                  icon="[object Object]"
                />
              </button>
              <div
                class="styled__Menu-uutoje-0 bdYxwB dropdown__menu"
              >
                <div
                  class="DropdownError__StyledDropdownError-sc-1pi6o8b-0 geVLwp dropdown__error dropdown__error--visible"
                >
                  <i
                    icon="[object Object]"
                  />
                  You have to select at least one medium to search
                </div>
                <div
                  class="sources"
                >
                  <div
                    class="sources__errors"
                  >
                    TypeError: Cannot read property 'planetExpressAbe' of undefined
                  </div>
                </div>
              </div>
            </div>
            <button
              class="Button-sc-1j5owfu-0 styled__Button-sc-1pvlps0-2 eoIFij"
              title="Visualize"
              type="submit"
            >
              Visualize
            </button>
          </form>
        </main>
      </div>
      <footer
        class="styled__Footer-sc-1fwt48x-0 bBFSxL"
      >
        <ul
          class="styled__Navigation-sc-1fwt48x-1 kvXOAi"
        >
          <li>
            <a
              href="/about"
            >
              about the project
            </a>
          </li>
          <li>
            <a
              href="/team"
            >
              about the team
            </a>
          </li>
        </ul>
        <div
          class="styled__License-sc-1fwt48x-2 kXCNav"
        >
          this project is under a
           
          <a
            href="https://www.gnu.org/licenses/gpl-3.0.en.html"
            rel="license external noopener noreferrer"
            title="GNU General Public License v3.0"
          >
            GNU General Public License v3.0
          </a>
           
          license
        </div>
      </footer>
    </div>
  </div>,
  "debug": [Function],
  "findAllByAltText": [Function],
  "findAllByDisplayValue": [Function],
  "findAllByLabelText": [Function],
  "findAllByPlaceholderText": [Function],
  "findAllByRole": [Function],
  "findAllByTestId": [Function],
  "findAllByText": [Function],
  "findAllByTitle": [Function],
  "findByAltText": [Function],
  "findByDisplayValue": [Function],
  "findByLabelText": [Function],
  "findByPlaceholderText": [Function],
  "findByRole": [Function],
  "findByTestId": [Function],
  "findByText": [Function],
  "findByTitle": [Function],
  "getAllByAltText": [Function],
  "getAllByDisplayValue": [Function],
  "getAllByLabelText": [Function],
  "getAllByPlaceholderText": [Function],
  "getAllByRole": [Function],
  "getAllByTestId": [Function],
  "getAllByText": [Function],
  "getAllByTitle": [Function],
  "getByAltText": [Function],
  "getByDisplayValue": [Function],
  "getByLabelText": [Function],
  "getByPlaceholderText": [Function],
  "getByRole": [Function],
  "getByTestId": [Function],
  "getByText": [Function],
  "getByTitle": [Function],
  "queryAllByAltText": [Function],
  "queryAllByDisplayValue": [Function],
  "queryAllByLabelText": [Function],
  "queryAllByPlaceholderText": [Function],
  "queryAllByRole": [Function],
  "queryAllByTestId": [Function],
  "queryAllByText": [Function],
  "queryAllByTitle": [Function],
  "queryByAltText": [Function],
  "queryByDisplayValue": [Function],
  "queryByLabelText": [Function],
  "queryByPlaceholderText": [Function],
  "queryByRole": [Function],
  "queryByTestId": [Function],
  "queryByText": [Function],
  "queryByTitle": [Function],
  "rerender": [Function],
  "unmount": [Function],
}
`;
